// Jest Snapshot v1, https://goo.gl/fbAQLP

exports[`<InfiniteScroll /> renders InfiniteScroll correctly 1`] = `
<div>
  <div>
    Hello
  </div>
  <div />
</div>
`;
